hduser@bmsce-Precision-T1700:~$ start-all.sh
This script is Deprecated. Instead use start-dfs.sh and start-yarn.sh
Starting namenodes on [localhost]
hduser@localhost's password: 
localhost: namenode running as process 7735. Stop it first.
hduser@localhost's password: 
localhost: datanode running as process 7910. Stop it first.
Starting secondary namenodes [0.0.0.0]
hduser@0.0.0.0's password: 
0.0.0.0: secondarynamenode running as process 8124. Stop it first.
starting yarn daemons
resourcemanager running as process 8283. Stop it first.
hduser@localhost's password: 
localhost: nodemanager running as process 8616. Stop it first.
hduser@bmsce-Precision-T1700:~$ hadoop fs -ls
ls: `.': No such file or directory
hduser@bmsce-Precision-T1700:~$ hadoop fs -ls/
-ls/: Unknown command
hduser@bmsce-Precision-T1700:~$ hadoop fs -ls /
Found 31 items
drwxr-xr-x   - hduser supergroup          0 2022-06-27 11:46 /Akshay
drwxr-xr-x   - hduser supergroup          0 2022-06-06 12:59 /FFF
drwxr-xr-x   - hduser supergroup          0 2022-06-04 10:23 /LLL
drwxr-xr-x   - hduser supergroup          0 2022-06-22 10:47 /avgTemp
drwxr-xr-x   - hduser supergroup          0 2022-06-01 10:39 /balaji
drwxr-xr-x   - hduser supergroup          0 2022-06-03 14:55 /dhruv
drwxr-xr-x   - hduser supergroup          0 2022-06-20 12:24 /fold
drwxr-xr-x   - hduser supergroup          0 2022-06-01 15:12 /hadooplab
drwxr-xr-x   - hduser supergroup          0 2022-06-06 14:47 /hritik_1bm19cs063
-rw-r--r--   1 hduser supergroup         11 2022-06-06 14:44 /hritik_1bm19cs063.txt
drwxr-xr-x   - hduser supergroup          0 2022-06-06 15:12 /hritiksingh
drwxr-xr-x   - hduser supergroup          0 2022-06-20 15:06 /input_antara
drwxr-xr-x   - hduser supergroup          0 2022-06-20 14:55 /input_ishika
drwxr-xr-x   - hduser supergroup          0 2022-06-24 14:51 /isha
drwxr-xr-x   - hduser supergroup          0 2022-06-22 15:22 /nikita
drwxr-xr-x   - hduser supergroup          0 2022-06-22 15:02 /nikita_op
drwxr-xr-x   - hduser supergroup          0 2022-06-22 15:32 /op_nikita
drwxr-xr-x   - hduser supergroup          0 2022-06-24 16:02 /out45
drwxr-xr-x   - hduser supergroup          0 2022-06-24 15:23 /out55
drwxr-xr-x   - hduser supergroup          0 2022-06-20 12:36 /output
drwxr-xr-x   - hduser supergroup          0 2022-06-20 15:15 /output_ad
drwxr-xr-x   - hduser supergroup          0 2022-06-20 15:07 /output_antara
drwxr-xr-x   - hduser supergroup          0 2022-06-20 14:56 /output_ishika
drwxr-xr-x   - hduser supergroup          0 2022-06-20 15:01 /output_ishika1
drwxr-xr-x   - hduser supergroup          0 2022-06-21 10:21 /rgs
drwxr-xr-x   - hduser supergroup          0 2022-05-31 10:35 /sam
drwxr-xr-x   - hduser supergroup          0 2022-06-03 12:11 /saurab
drwxr-xr-x   - hduser supergroup          0 2019-10-24 10:59 /shria
drwxrwxr-x   - hduser supergroup          0 2019-08-01 16:19 /tmp
drwxr-xr-x   - hduser supergroup          0 2019-08-01 16:03 /user
drwxr-xr-x   - hduser supergroup          0 2022-06-01 10:09 /yk
hduser@bmsce-Precision-T1700:~$ hadoop jar /home/hduser/Desktop/TopN.jar TopN /Akshay/file.txt /output.txt
Not a valid JAR: /home/hduser/Desktop/TopN.jar
hduser@bmsce-Precision-T1700:~$ hadoop jar /home/hduser/Desktop/topN.jar TopN /Akshay/file.txt /output.txt
Not a valid JAR: /home/hduser/Desktop/topN.jar
hduser@bmsce-Precision-T1700:~$ hadoop jar /home/hduser/Desktop/topn.jar TopN /Akshay/file.txt /output.txt
22/06/27 12:26:26 INFO Configuration.deprecation: session.id is deprecated. Instead, use dfs.metrics.session-id
22/06/27 12:26:26 INFO jvm.JvmMetrics: Initializing JVM Metrics with processName=JobTracker, sessionId=
22/06/27 12:26:26 INFO mapreduce.JobSubmitter: Cleaning up the staging area file:/app/hadoop/tmp/mapred/staging/hduser796101480/.staging/job_local796101480_0001
Exception in thread "main" org.apache.hadoop.mapreduce.lib.input.InvalidInputException: Input path does not exist: hdfs://localhost:54310/Akshay/file.txt
	at org.apache.hadoop.mapreduce.lib.input.FileInputFormat.singleThreadedListStatus(FileInputFormat.java:321)
	at org.apache.hadoop.mapreduce.lib.input.FileInputFormat.listStatus(FileInputFormat.java:264)
	at org.apache.hadoop.mapreduce.lib.input.FileInputFormat.getSplits(FileInputFormat.java:385)
	at org.apache.hadoop.mapreduce.JobSubmitter.writeNewSplits(JobSubmitter.java:597)
	at org.apache.hadoop.mapreduce.JobSubmitter.writeSplits(JobSubmitter.java:614)
	at org.apache.hadoop.mapreduce.JobSubmitter.submitJobInternal(JobSubmitter.java:492)
	at org.apache.hadoop.mapreduce.Job$10.run(Job.java:1296)
	at org.apache.hadoop.mapreduce.Job$10.run(Job.java:1293)
	at java.security.AccessController.doPrivileged(Native Method)
	at javax.security.auth.Subject.doAs(Subject.java:422)
	at org.apache.hadoop.security.UserGroupInformation.doAs(UserGroupInformation.java:1628)
	at org.apache.hadoop.mapreduce.Job.submit(Job.java:1293)
	at org.apache.hadoop.mapreduce.Job.waitForCompletion(Job.java:1314)
	at TopN.main(TopN.java:31)
	at sun.reflect.NativeMethodAccessorImpl.invoke0(Native Method)
	at sun.reflect.NativeMethodAccessorImpl.invoke(NativeMethodAccessorImpl.java:62)
	at sun.reflect.DelegatingMethodAccessorImpl.invoke(DelegatingMethodAccessorImpl.java:43)
	at java.lang.reflect.Method.invoke(Method.java:498)
	at org.apache.hadoop.util.RunJar.run(RunJar.java:221)
	at org.apache.hadoop.util.RunJar.main(RunJar.java:136)
hduser@bmsce-Precision-T1700:~$ hadoop jar /home/hduser/Desktop/topn.jar TopN /Akshay /output.txt
22/06/27 12:27:12 INFO Configuration.deprecation: session.id is deprecated. Instead, use dfs.metrics.session-id
22/06/27 12:27:12 INFO jvm.JvmMetrics: Initializing JVM Metrics with processName=JobTracker, sessionId=
22/06/27 12:27:12 INFO input.FileInputFormat: Total input paths to process : 1
22/06/27 12:27:12 INFO mapreduce.JobSubmitter: number of splits:1
22/06/27 12:27:12 INFO mapreduce.JobSubmitter: Submitting tokens for job: job_local1081152830_0001
22/06/27 12:27:12 INFO mapreduce.Job: The url to track the job: http://localhost:8080/
22/06/27 12:27:12 INFO mapreduce.Job: Running job: job_local1081152830_0001
22/06/27 12:27:12 INFO mapred.LocalJobRunner: OutputCommitter set in config null
22/06/27 12:27:12 INFO mapred.LocalJobRunner: OutputCommitter is org.apache.hadoop.mapreduce.lib.output.FileOutputCommitter
22/06/27 12:27:12 INFO mapred.LocalJobRunner: Waiting for map tasks
22/06/27 12:27:12 INFO mapred.LocalJobRunner: Starting task: attempt_local1081152830_0001_m_000000_0
22/06/27 12:27:12 INFO mapred.Task:  Using ResourceCalculatorProcessTree : [ ]
22/06/27 12:27:12 INFO mapred.MapTask: Processing split: hdfs://localhost:54310/Akshay/sample.txt:0+38
22/06/27 12:27:12 INFO mapred.MapTask: (EQUATOR) 0 kvi 26214396(104857584)
22/06/27 12:27:12 INFO mapred.MapTask: mapreduce.task.io.sort.mb: 100
22/06/27 12:27:12 INFO mapred.MapTask: soft limit at 83886080
22/06/27 12:27:12 INFO mapred.MapTask: bufstart = 0; bufvoid = 104857600
22/06/27 12:27:12 INFO mapred.MapTask: kvstart = 26214396; length = 6553600
22/06/27 12:27:12 INFO mapred.MapTask: Map output collector class = org.apache.hadoop.mapred.MapTask$MapOutputBuffer
22/06/27 12:27:12 INFO input.LineRecordReader: Found UTF-8 BOM and skipped it
22/06/27 12:27:12 INFO mapred.LocalJobRunner: 
22/06/27 12:27:12 INFO mapred.MapTask: Starting flush of map output
22/06/27 12:27:12 INFO mapred.MapTask: Spilling map output
22/06/27 12:27:12 INFO mapred.MapTask: bufstart = 0; bufend = 59; bufvoid = 104857600
22/06/27 12:27:12 INFO mapred.MapTask: kvstart = 26214396(104857584); kvend = 26214376(104857504); length = 21/6553600
22/06/27 12:27:12 INFO mapred.MapTask: Finished spill 0
22/06/27 12:27:12 INFO mapred.Task: Task:attempt_local1081152830_0001_m_000000_0 is done. And is in the process of committing
22/06/27 12:27:12 INFO mapred.LocalJobRunner: map
22/06/27 12:27:12 INFO mapred.Task: Task 'attempt_local1081152830_0001_m_000000_0' done.
22/06/27 12:27:12 INFO mapred.LocalJobRunner: Finishing task: attempt_local1081152830_0001_m_000000_0
22/06/27 12:27:12 INFO mapred.LocalJobRunner: map task executor complete.
22/06/27 12:27:12 INFO mapred.LocalJobRunner: Waiting for reduce tasks
22/06/27 12:27:12 INFO mapred.LocalJobRunner: Starting task: attempt_local1081152830_0001_r_000000_0
22/06/27 12:27:12 INFO mapred.Task:  Using ResourceCalculatorProcessTree : [ ]
22/06/27 12:27:12 INFO mapred.ReduceTask: Using ShuffleConsumerPlugin: org.apache.hadoop.mapreduce.task.reduce.Shuffle@5ccc4e2
22/06/27 12:27:12 INFO reduce.MergeManagerImpl: MergerManager: memoryLimit=334338464, maxSingleShuffleLimit=83584616, mergeThreshold=220663392, ioSortFactor=10, memToMemMergeOutputsThreshold=10
22/06/27 12:27:12 INFO reduce.EventFetcher: attempt_local1081152830_0001_r_000000_0 Thread started: EventFetcher for fetching Map Completion Events
22/06/27 12:27:12 INFO reduce.LocalFetcher: localfetcher#1 about to shuffle output of map attempt_local1081152830_0001_m_000000_0 decomp: 73 len: 77 to MEMORY
22/06/27 12:27:12 INFO reduce.InMemoryMapOutput: Read 73 bytes from map-output for attempt_local1081152830_0001_m_000000_0
22/06/27 12:27:12 INFO reduce.MergeManagerImpl: closeInMemoryFile -> map-output of size: 73, inMemoryMapOutputs.size() -> 1, commitMemory -> 0, usedMemory ->73
22/06/27 12:27:12 INFO reduce.EventFetcher: EventFetcher is interrupted.. Returning
22/06/27 12:27:12 INFO mapred.LocalJobRunner: 1 / 1 copied.
22/06/27 12:27:12 INFO reduce.MergeManagerImpl: finalMerge called with 1 in-memory map-outputs and 0 on-disk map-outputs
22/06/27 12:27:12 INFO mapred.Merger: Merging 1 sorted segments
22/06/27 12:27:12 INFO mapred.Merger: Down to the last merge-pass, with 1 segments left of total size: 64 bytes
22/06/27 12:27:12 INFO reduce.MergeManagerImpl: Merged 1 segments, 73 bytes to disk to satisfy reduce memory limit
22/06/27 12:27:12 INFO reduce.MergeManagerImpl: Merging 1 files, 77 bytes from disk
22/06/27 12:27:12 INFO reduce.MergeManagerImpl: Merging 0 segments, 0 bytes from memory into reduce
22/06/27 12:27:12 INFO mapred.Merger: Merging 1 sorted segments
22/06/27 12:27:12 INFO mapred.Merger: Down to the last merge-pass, with 1 segments left of total size: 64 bytes
22/06/27 12:27:12 INFO mapred.LocalJobRunner: 1 / 1 copied.
22/06/27 12:27:12 INFO Configuration.deprecation: mapred.skip.on is deprecated. Instead, use mapreduce.job.skiprecords
22/06/27 12:27:13 INFO mapred.Task: Task:attempt_local1081152830_0001_r_000000_0 is done. And is in the process of committing
22/06/27 12:27:13 INFO mapred.LocalJobRunner: 1 / 1 copied.
22/06/27 12:27:13 INFO mapred.Task: Task attempt_local1081152830_0001_r_000000_0 is allowed to commit now
22/06/27 12:27:13 INFO output.FileOutputCommitter: Saved output of task 'attempt_local1081152830_0001_r_000000_0' to hdfs://localhost:54310/output.txt/_temporary/0/task_local1081152830_0001_r_000000
22/06/27 12:27:13 INFO mapred.LocalJobRunner: reduce > reduce
22/06/27 12:27:13 INFO mapred.Task: Task 'attempt_local1081152830_0001_r_000000_0' done.
22/06/27 12:27:13 INFO mapred.LocalJobRunner: Finishing task: attempt_local1081152830_0001_r_000000_0
22/06/27 12:27:13 INFO mapred.LocalJobRunner: reduce task executor complete.
22/06/27 12:27:13 INFO mapreduce.Job: Job job_local1081152830_0001 running in uber mode : false
22/06/27 12:27:13 INFO mapreduce.Job:  map 100% reduce 100%
22/06/27 12:27:13 INFO mapreduce.Job: Job job_local1081152830_0001 completed successfully
22/06/27 12:27:13 INFO mapreduce.Job: Counters: 38
	File System Counters
		FILE: Number of bytes read=17586
		FILE: Number of bytes written=518587
		FILE: Number of read operations=0
		FILE: Number of large read operations=0
		FILE: Number of write operations=0
		HDFS: Number of bytes read=76
		HDFS: Number of bytes written=31
		HDFS: Number of read operations=15
		HDFS: Number of large read operations=0
		HDFS: Number of write operations=4
	Map-Reduce Framework
		Map input records=6
		Map output records=6
		Map output bytes=59
		Map output materialized bytes=77
		Input split bytes=105
		Combine input records=0
		Combine output records=0
		Reduce input groups=4
		Reduce shuffle bytes=77
		Reduce input records=6
		Reduce output records=4
		Spilled Records=12
		Shuffled Maps =1
		Failed Shuffles=0
		Merged Map outputs=1
		GC time elapsed (ms)=40
		CPU time spent (ms)=0
		Physical memory (bytes) snapshot=0
		Virtual memory (bytes) snapshot=0
		Total committed heap usage (bytes)=573046784
	Shuffle Errors
		BAD_ID=0
		CONNECTION=0
		IO_ERROR=0
		WRONG_LENGTH=0
		WRONG_MAP=0
		WRONG_REDUCE=0
	File Input Format Counters 
		Bytes Read=38
	File Output Format Counters 
		Bytes Written=31
hduser@bmsce-Precision-T1700:~$ hadoop fs -cat /output_TopN/part-000009
cat: `/output_TopN/part-000009': No such file or directory
hduser@bmsce-Precision-T1700:~$ hadoop fs -ls /output_Topn
ls: `/output_Topn': No such file or directory
hduser@bmsce-Precision-T1700:~$ hadoop fs -ls /output_TopN
ls: `/output_TopN': No such file or directory
hduser@bmsce-Precision-T1700:~$ hadoop fs -cat /outfile.txt
cat: `/outfile.txt': No such file or directory
hduser@bmsce-Precision-T1700:~$ hadoop fs -cat outfile.txt
cat: `outfile.txt': No such file or directory
hduser@bmsce-Precision-T1700:~$ hadoop fs -cat output.txt
cat: `output.txt': No such file or directory
hduser@bmsce-Precision-T1700:~$ hadoop fs -cat /output.txt
cat: `/output.txt': Is a directory
hduser@bmsce-Precision-T1700:~$ 
hduser@bmsce-Precision-T1700:~$ jps
13104 Jps
7910 DataNode
7735 NameNode
8616 NodeManager
8283 ResourceManager
8124 SecondaryNameNode
10861 org.eclipse.equinox.launcher_1.5.600.v20191014-2022.jar
hduser@bmsce-Precision-T1700:~$ hadoop jar /home/hduser/Desktop/topn.jar TopN /Akshay /output/top.txt
22/06/27 12:37:35 INFO Configuration.deprecation: session.id is deprecated. Instead, use dfs.metrics.session-id
22/06/27 12:37:35 INFO jvm.JvmMetrics: Initializing JVM Metrics with processName=JobTracker, sessionId=
22/06/27 12:37:35 INFO input.FileInputFormat: Total input paths to process : 1
22/06/27 12:37:35 INFO mapreduce.JobSubmitter: number of splits:1
22/06/27 12:37:35 INFO mapreduce.JobSubmitter: Submitting tokens for job: job_local1303292401_0001
22/06/27 12:37:35 INFO mapreduce.Job: The url to track the job: http://localhost:8080/
22/06/27 12:37:35 INFO mapreduce.Job: Running job: job_local1303292401_0001
22/06/27 12:37:35 INFO mapred.LocalJobRunner: OutputCommitter set in config null
22/06/27 12:37:35 INFO mapred.LocalJobRunner: OutputCommitter is org.apache.hadoop.mapreduce.lib.output.FileOutputCommitter
22/06/27 12:37:35 INFO mapred.LocalJobRunner: Waiting for map tasks
22/06/27 12:37:35 INFO mapred.LocalJobRunner: Starting task: attempt_local1303292401_0001_m_000000_0
22/06/27 12:37:35 INFO mapred.Task:  Using ResourceCalculatorProcessTree : [ ]
22/06/27 12:37:35 INFO mapred.MapTask: Processing split: hdfs://localhost:54310/Akshay/sample.txt:0+38
22/06/27 12:37:35 INFO mapred.MapTask: (EQUATOR) 0 kvi 26214396(104857584)
22/06/27 12:37:35 INFO mapred.MapTask: mapreduce.task.io.sort.mb: 100
22/06/27 12:37:35 INFO mapred.MapTask: soft limit at 83886080
22/06/27 12:37:35 INFO mapred.MapTask: bufstart = 0; bufvoid = 104857600
22/06/27 12:37:35 INFO mapred.MapTask: kvstart = 26214396; length = 6553600
22/06/27 12:37:35 INFO mapred.MapTask: Map output collector class = org.apache.hadoop.mapred.MapTask$MapOutputBuffer
22/06/27 12:37:35 INFO input.LineRecordReader: Found UTF-8 BOM and skipped it
22/06/27 12:37:35 INFO mapred.LocalJobRunner: 
22/06/27 12:37:35 INFO mapred.MapTask: Starting flush of map output
22/06/27 12:37:35 INFO mapred.MapTask: Spilling map output
22/06/27 12:37:35 INFO mapred.MapTask: bufstart = 0; bufend = 59; bufvoid = 104857600
22/06/27 12:37:35 INFO mapred.MapTask: kvstart = 26214396(104857584); kvend = 26214376(104857504); length = 21/6553600
22/06/27 12:37:35 INFO mapred.MapTask: Finished spill 0
22/06/27 12:37:35 INFO mapred.Task: Task:attempt_local1303292401_0001_m_000000_0 is done. And is in the process of committing
22/06/27 12:37:35 INFO mapred.LocalJobRunner: map
22/06/27 12:37:35 INFO mapred.Task: Task 'attempt_local1303292401_0001_m_000000_0' done.
22/06/27 12:37:35 INFO mapred.LocalJobRunner: Finishing task: attempt_local1303292401_0001_m_000000_0
22/06/27 12:37:35 INFO mapred.LocalJobRunner: map task executor complete.
22/06/27 12:37:35 INFO mapred.LocalJobRunner: Waiting for reduce tasks
22/06/27 12:37:35 INFO mapred.LocalJobRunner: Starting task: attempt_local1303292401_0001_r_000000_0
22/06/27 12:37:35 INFO mapred.Task:  Using ResourceCalculatorProcessTree : [ ]
22/06/27 12:37:35 INFO mapred.ReduceTask: Using ShuffleConsumerPlugin: org.apache.hadoop.mapreduce.task.reduce.Shuffle@24e679da
22/06/27 12:37:35 INFO reduce.MergeManagerImpl: MergerManager: memoryLimit=334338464, maxSingleShuffleLimit=83584616, mergeThreshold=220663392, ioSortFactor=10, memToMemMergeOutputsThreshold=10
22/06/27 12:37:35 INFO reduce.EventFetcher: attempt_local1303292401_0001_r_000000_0 Thread started: EventFetcher for fetching Map Completion Events
22/06/27 12:37:35 INFO reduce.LocalFetcher: localfetcher#1 about to shuffle output of map attempt_local1303292401_0001_m_000000_0 decomp: 73 len: 77 to MEMORY
22/06/27 12:37:35 INFO reduce.InMemoryMapOutput: Read 73 bytes from map-output for attempt_local1303292401_0001_m_000000_0
22/06/27 12:37:35 INFO reduce.MergeManagerImpl: closeInMemoryFile -> map-output of size: 73, inMemoryMapOutputs.size() -> 1, commitMemory -> 0, usedMemory ->73
22/06/27 12:37:35 INFO reduce.EventFetcher: EventFetcher is interrupted.. Returning
22/06/27 12:37:35 INFO mapred.LocalJobRunner: 1 / 1 copied.
22/06/27 12:37:35 INFO reduce.MergeManagerImpl: finalMerge called with 1 in-memory map-outputs and 0 on-disk map-outputs
22/06/27 12:37:35 INFO mapred.Merger: Merging 1 sorted segments
22/06/27 12:37:35 INFO mapred.Merger: Down to the last merge-pass, with 1 segments left of total size: 64 bytes
22/06/27 12:37:35 INFO reduce.MergeManagerImpl: Merged 1 segments, 73 bytes to disk to satisfy reduce memory limit
22/06/27 12:37:35 INFO reduce.MergeManagerImpl: Merging 1 files, 77 bytes from disk
22/06/27 12:37:35 INFO reduce.MergeManagerImpl: Merging 0 segments, 0 bytes from memory into reduce
22/06/27 12:37:35 INFO mapred.Merger: Merging 1 sorted segments
22/06/27 12:37:35 INFO mapred.Merger: Down to the last merge-pass, with 1 segments left of total size: 64 bytes
22/06/27 12:37:35 INFO mapred.LocalJobRunner: 1 / 1 copied.
22/06/27 12:37:35 INFO Configuration.deprecation: mapred.skip.on is deprecated. Instead, use mapreduce.job.skiprecords
22/06/27 12:37:35 INFO mapred.Task: Task:attempt_local1303292401_0001_r_000000_0 is done. And is in the process of committing
22/06/27 12:37:35 INFO mapred.LocalJobRunner: 1 / 1 copied.
22/06/27 12:37:35 INFO mapred.Task: Task attempt_local1303292401_0001_r_000000_0 is allowed to commit now
22/06/27 12:37:35 INFO output.FileOutputCommitter: Saved output of task 'attempt_local1303292401_0001_r_000000_0' to hdfs://localhost:54310/output/top.txt/_temporary/0/task_local1303292401_0001_r_000000
22/06/27 12:37:35 INFO mapred.LocalJobRunner: reduce > reduce
22/06/27 12:37:35 INFO mapred.Task: Task 'attempt_local1303292401_0001_r_000000_0' done.
22/06/27 12:37:35 INFO mapred.LocalJobRunner: Finishing task: attempt_local1303292401_0001_r_000000_0
22/06/27 12:37:35 INFO mapred.LocalJobRunner: reduce task executor complete.
22/06/27 12:37:36 INFO mapreduce.Job: Job job_local1303292401_0001 running in uber mode : false
22/06/27 12:37:36 INFO mapreduce.Job:  map 100% reduce 100%
22/06/27 12:37:36 INFO mapreduce.Job: Job job_local1303292401_0001 completed successfully
22/06/27 12:37:36 INFO mapreduce.Job: Counters: 38
	File System Counters
		FILE: Number of bytes read=17586
		FILE: Number of bytes written=518611
		FILE: Number of read operations=0
		FILE: Number of large read operations=0
		FILE: Number of write operations=0
		HDFS: Number of bytes read=76
		HDFS: Number of bytes written=31
		HDFS: Number of read operations=15
		HDFS: Number of large read operations=0
		HDFS: Number of write operations=4
	Map-Reduce Framework
		Map input records=6
		Map output records=6
		Map output bytes=59
		Map output materialized bytes=77
		Input split bytes=105
		Combine input records=0
		Combine output records=0
		Reduce input groups=4
		Reduce shuffle bytes=77
		Reduce input records=6
		Reduce output records=4
		Spilled Records=12
		Shuffled Maps =1
		Failed Shuffles=0
		Merged Map outputs=1
		GC time elapsed (ms)=41
		CPU time spent (ms)=0
		Physical memory (bytes) snapshot=0
		Virtual memory (bytes) snapshot=0
		Total committed heap usage (bytes)=578289664
	Shuffle Errors
		BAD_ID=0
		CONNECTION=0
		IO_ERROR=0
		WRONG_LENGTH=0
		WRONG_MAP=0
		WRONG_REDUCE=0
	File Input Format Counters 
		Bytes Read=38
	File Output Format Counters 
		Bytes Written=31
hduser@bmsce-Precision-T1700:~$ hadoop fs -ls /output
Found 3 items
-rw-r--r--   1 hduser supergroup          0 2022-06-20 12:36 /output/_SUCCESS
-rw-r--r--   1 hduser supergroup         69 2022-06-20 12:36 /output/part-00000
drwxr-xr-x   - hduser supergroup          0 2022-06-27 12:37 /output/top.txt
hduser@bmsce-Precision-T1700:~$ hadoop fs -cat /output_TopN/part-00000
cat: `/output_TopN/part-00000': No such file or directory
hduser@bmsce-Precision-T1700:~$ hadoop fs -cat /output/part-00000
are	1
brother	1
family	1
hi	1
how	5
is	4
job	1
sister	1
you	1
your	4
